// Jest Snapshot v1, https://goo.gl/fbAQLP

exports[`TeamCard should render 1`] = `
ShallowWrapper {
  Symbol(enzyme.__root__): [Circular],
  Symbol(enzyme.__unrendered__): <CardList
    company={
        Company {
            "companyName": "Dummy",
            "root": Team {
              "children": Map {
                "Dummy Team" => Team {
                  "children": Map {},
                  "name": "Dummy Team",
                  "nestedStaff": Map {},
                  "parent": Object {},
                  "staff": Map {},
                },
              },
              "name": "Dummy",
              "nestedStaff": Map {},
              "parent": Object {},
              "staff": Map {},
            },
          }
    }
    renderTarget={
        Team {
            "children": Map {},
            "name": "Dummy Team",
            "nestedStaff": Map {},
            "parent": Object {},
            "staff": Map {},
          }
    }
    setHeader={[Function]}
/>,
  Symbol(enzyme.__renderer__): Object {
    "batchedUpdates": [Function],
    "getNode": [Function],
    "render": [Function],
    "simulateError": [Function],
    "simulateEvent": [Function],
    "unmount": [Function],
  },
  Symbol(enzyme.__node__): Object {
    "instance": null,
    "key": undefined,
    "nodeType": "host",
    "props": Object {
      "children": Array [
        <div
          className="card-container-banner"
>
          <HeaderCard
                    setHeader={[Function]}
                    team={
                              Team {
                                        "children": Map {},
                                        "name": "Dummy Team",
                                        "nestedStaff": Map {},
                                        "parent": Object {},
                                        "staff": Map {},
                                      }
                    }
                    triggerShowStaff={[Function]}
                    triggerShowTeams={[Function]}
          />
</div>,
        <hr />,
        <div
          className="card-container"
>
          
</div>,
      ],
    },
    "ref": null,
    "rendered": Array [
      Object {
        "instance": null,
        "key": undefined,
        "nodeType": "host",
        "props": Object {
          "children": <HeaderCard
            setHeader={[Function]}
            team={
                        Team {
                                    "children": Map {},
                                    "name": "Dummy Team",
                                    "nestedStaff": Map {},
                                    "parent": Object {},
                                    "staff": Map {},
                                  }
            }
            triggerShowStaff={[Function]}
            triggerShowTeams={[Function]}
/>,
          "className": "card-container-banner",
        },
        "ref": null,
        "rendered": Object {
          "instance": null,
          "key": "Dummy Team",
          "nodeType": "class",
          "props": Object {
            "setHeader": [Function],
            "team": Team {
              "children": Map {},
              "name": "Dummy Team",
              "nestedStaff": Map {},
              "parent": Object {},
              "staff": Map {},
            },
            "triggerShowStaff": [Function],
            "triggerShowTeams": [Function],
          },
          "ref": null,
          "rendered": null,
          "type": [Function],
        },
        "type": "div",
      },
      Object {
        "instance": null,
        "key": undefined,
        "nodeType": "host",
        "props": Object {},
        "ref": null,
        "rendered": null,
        "type": "hr",
      },
      Object {
        "instance": null,
        "key": undefined,
        "nodeType": "host",
        "props": Object {
          "children": Array [],
          "className": "card-container",
        },
        "ref": null,
        "rendered": Array [],
        "type": "div",
      },
    ],
    "type": "section",
  },
  Symbol(enzyme.__nodes__): Array [
    Object {
      "instance": null,
      "key": undefined,
      "nodeType": "host",
      "props": Object {
        "children": Array [
          <div
            className="card-container-banner"
>
            <HeaderCard
                        setHeader={[Function]}
                        team={
                                    Team {
                                                "children": Map {},
                                                "name": "Dummy Team",
                                                "nestedStaff": Map {},
                                                "parent": Object {},
                                                "staff": Map {},
                                              }
                        }
                        triggerShowStaff={[Function]}
                        triggerShowTeams={[Function]}
            />
</div>,
          <hr />,
          <div
            className="card-container"
>
            
</div>,
        ],
      },
      "ref": null,
      "rendered": Array [
        Object {
          "instance": null,
          "key": undefined,
          "nodeType": "host",
          "props": Object {
            "children": <HeaderCard
              setHeader={[Function]}
              team={
                            Team {
                                          "children": Map {},
                                          "name": "Dummy Team",
                                          "nestedStaff": Map {},
                                          "parent": Object {},
                                          "staff": Map {},
                                        }
              }
              triggerShowStaff={[Function]}
              triggerShowTeams={[Function]}
/>,
            "className": "card-container-banner",
          },
          "ref": null,
          "rendered": Object {
            "instance": null,
            "key": "Dummy Team",
            "nodeType": "class",
            "props": Object {
              "setHeader": [Function],
              "team": Team {
                "children": Map {},
                "name": "Dummy Team",
                "nestedStaff": Map {},
                "parent": Object {},
                "staff": Map {},
              },
              "triggerShowStaff": [Function],
              "triggerShowTeams": [Function],
            },
            "ref": null,
            "rendered": null,
            "type": [Function],
          },
          "type": "div",
        },
        Object {
          "instance": null,
          "key": undefined,
          "nodeType": "host",
          "props": Object {},
          "ref": null,
          "rendered": null,
          "type": "hr",
        },
        Object {
          "instance": null,
          "key": undefined,
          "nodeType": "host",
          "props": Object {
            "children": Array [],
            "className": "card-container",
          },
          "ref": null,
          "rendered": Array [],
          "type": "div",
        },
      ],
      "type": "section",
    },
  ],
  Symbol(enzyme.__options__): Object {
    "adapter": ReactSixteenAdapter {
      "options": Object {
        "enableComponentDidUpdateOnSetState": true,
        "lifecycles": Object {
          "componentDidUpdate": Object {
            "onSetState": true,
          },
          "getDerivedStateFromProps": true,
          "getSnapshotBeforeUpdate": true,
          "setState": Object {
            "skipsComponentDidUpdateOnNullish": true,
          },
        },
      },
    },
  },
}
`;
