// Jest Snapshot v1, https://goo.gl/fbAQLP

exports[`TeamCard should render 1`] = `
ShallowWrapper {
  Symbol(enzyme.__root__): [Circular],
  Symbol(enzyme.__unrendered__): <HeaderCard
    setHeader={[Function]}
    team={
        Team {
            "children": Map {},
            "name": "Dummy Team",
            "nestedStaff": Map {},
            "parent": Object {},
            "staff": Map {},
          }
    }
    triggerShowStaff={[Function]}
    triggerShowTeams={[Function]}
/>,
  Symbol(enzyme.__renderer__): Object {
    "batchedUpdates": [Function],
    "getNode": [Function],
    "render": [Function],
    "simulateError": [Function],
    "simulateEvent": [Function],
    "unmount": [Function],
  },
  Symbol(enzyme.__node__): Object {
    "instance": null,
    "key": undefined,
    "nodeType": "host",
    "props": Object {
      "children": Array [
        <div
          onClick={[Function]}
>
          <img
                    alt="Avatar"
                    className="card-picture"
                    src="brainstorming.jpg"
          />
          <h2>
                     
                    Dummy Team
                     Team
          </h2>
          <div
                    className="team-member-list"
          >
                    <ul>
                               
                               
                    </ul>
          </div>
</div>,
        <div
          className="button-container"
>
          <ConfigurableButton
                    buttonText="Show Staff"
                    onClickFunc={[Function]}
          />
          <ConfigurableButton
                    buttonText="Show Teams"
                    onClickFunc={[Function]}
          />
</div>,
      ],
      "className": "card header-card",
    },
    "ref": null,
    "rendered": Array [
      Object {
        "instance": null,
        "key": undefined,
        "nodeType": "host",
        "props": Object {
          "children": Array [
            <img
              alt="Avatar"
              className="card-picture"
              src="brainstorming.jpg"
/>,
            <h2>
               
              Dummy Team
               Team
</h2>,
            <div
              className="team-member-list"
>
              <ul>
                             
                             
              </ul>
</div>,
          ],
          "onClick": [Function],
        },
        "ref": null,
        "rendered": Array [
          Object {
            "instance": null,
            "key": undefined,
            "nodeType": "host",
            "props": Object {
              "alt": "Avatar",
              "className": "card-picture",
              "src": "brainstorming.jpg",
            },
            "ref": null,
            "rendered": null,
            "type": "img",
          },
          Object {
            "instance": null,
            "key": undefined,
            "nodeType": "host",
            "props": Object {
              "children": Array [
                " ",
                "Dummy Team",
                " Team",
              ],
            },
            "ref": null,
            "rendered": Array [
              " ",
              "Dummy Team",
              " Team",
            ],
            "type": "h2",
          },
          Object {
            "instance": null,
            "key": undefined,
            "nodeType": "host",
            "props": Object {
              "children": <ul>
                 
                 
</ul>,
              "className": "team-member-list",
            },
            "ref": null,
            "rendered": Object {
              "instance": null,
              "key": undefined,
              "nodeType": "host",
              "props": Object {
                "children": Array [
                  " ",
                  Array [],
                  " ",
                ],
              },
              "ref": null,
              "rendered": Array [
                " ",
                " ",
              ],
              "type": "ul",
            },
            "type": "div",
          },
        ],
        "type": "div",
      },
      Object {
        "instance": null,
        "key": undefined,
        "nodeType": "host",
        "props": Object {
          "children": Array [
            <ConfigurableButton
              buttonText="Show Staff"
              onClickFunc={[Function]}
/>,
            <ConfigurableButton
              buttonText="Show Teams"
              onClickFunc={[Function]}
/>,
          ],
          "className": "button-container",
        },
        "ref": null,
        "rendered": Array [
          Object {
            "instance": null,
            "key": undefined,
            "nodeType": "function",
            "props": Object {
              "buttonText": "Show Staff",
              "onClickFunc": [Function],
            },
            "ref": null,
            "rendered": null,
            "type": [Function],
          },
          Object {
            "instance": null,
            "key": undefined,
            "nodeType": "function",
            "props": Object {
              "buttonText": "Show Teams",
              "onClickFunc": [Function],
            },
            "ref": null,
            "rendered": null,
            "type": [Function],
          },
        ],
        "type": "div",
      },
    ],
    "type": "div",
  },
  Symbol(enzyme.__nodes__): Array [
    Object {
      "instance": null,
      "key": undefined,
      "nodeType": "host",
      "props": Object {
        "children": Array [
          <div
            onClick={[Function]}
>
            <img
                        alt="Avatar"
                        className="card-picture"
                        src="brainstorming.jpg"
            />
            <h2>
                         
                        Dummy Team
                         Team
            </h2>
            <div
                        className="team-member-list"
            >
                        <ul>
                                     
                                     
                        </ul>
            </div>
</div>,
          <div
            className="button-container"
>
            <ConfigurableButton
                        buttonText="Show Staff"
                        onClickFunc={[Function]}
            />
            <ConfigurableButton
                        buttonText="Show Teams"
                        onClickFunc={[Function]}
            />
</div>,
        ],
        "className": "card header-card",
      },
      "ref": null,
      "rendered": Array [
        Object {
          "instance": null,
          "key": undefined,
          "nodeType": "host",
          "props": Object {
            "children": Array [
              <img
                alt="Avatar"
                className="card-picture"
                src="brainstorming.jpg"
/>,
              <h2>
                 
                Dummy Team
                 Team
</h2>,
              <div
                className="team-member-list"
>
                <ul>
                                 
                                 
                </ul>
</div>,
            ],
            "onClick": [Function],
          },
          "ref": null,
          "rendered": Array [
            Object {
              "instance": null,
              "key": undefined,
              "nodeType": "host",
              "props": Object {
                "alt": "Avatar",
                "className": "card-picture",
                "src": "brainstorming.jpg",
              },
              "ref": null,
              "rendered": null,
              "type": "img",
            },
            Object {
              "instance": null,
              "key": undefined,
              "nodeType": "host",
              "props": Object {
                "children": Array [
                  " ",
                  "Dummy Team",
                  " Team",
                ],
              },
              "ref": null,
              "rendered": Array [
                " ",
                "Dummy Team",
                " Team",
              ],
              "type": "h2",
            },
            Object {
              "instance": null,
              "key": undefined,
              "nodeType": "host",
              "props": Object {
                "children": <ul>
                   
                   
</ul>,
                "className": "team-member-list",
              },
              "ref": null,
              "rendered": Object {
                "instance": null,
                "key": undefined,
                "nodeType": "host",
                "props": Object {
                  "children": Array [
                    " ",
                    Array [],
                    " ",
                  ],
                },
                "ref": null,
                "rendered": Array [
                  " ",
                  " ",
                ],
                "type": "ul",
              },
              "type": "div",
            },
          ],
          "type": "div",
        },
        Object {
          "instance": null,
          "key": undefined,
          "nodeType": "host",
          "props": Object {
            "children": Array [
              <ConfigurableButton
                buttonText="Show Staff"
                onClickFunc={[Function]}
/>,
              <ConfigurableButton
                buttonText="Show Teams"
                onClickFunc={[Function]}
/>,
            ],
            "className": "button-container",
          },
          "ref": null,
          "rendered": Array [
            Object {
              "instance": null,
              "key": undefined,
              "nodeType": "function",
              "props": Object {
                "buttonText": "Show Staff",
                "onClickFunc": [Function],
              },
              "ref": null,
              "rendered": null,
              "type": [Function],
            },
            Object {
              "instance": null,
              "key": undefined,
              "nodeType": "function",
              "props": Object {
                "buttonText": "Show Teams",
                "onClickFunc": [Function],
              },
              "ref": null,
              "rendered": null,
              "type": [Function],
            },
          ],
          "type": "div",
        },
      ],
      "type": "div",
    },
  ],
  Symbol(enzyme.__options__): Object {
    "adapter": ReactSixteenAdapter {
      "options": Object {
        "enableComponentDidUpdateOnSetState": true,
        "lifecycles": Object {
          "componentDidUpdate": Object {
            "onSetState": true,
          },
          "getDerivedStateFromProps": true,
          "getSnapshotBeforeUpdate": true,
          "setState": Object {
            "skipsComponentDidUpdateOnNullish": true,
          },
        },
      },
    },
  },
}
`;
